BL51 BANKED LINKER/LOCATER V6.22                                                        12/30/2015  21:31:53  PAGE 1


BL51 BANKED LINKER/LOCATER V6.22, INVOKED BY:
C:\KEIL\C51\BIN\BL51.EXE STARTUP.obj, MPU2MCU_Test.obj TO MPU2MCU_Test RAMSIZE (256)


MEMORY MODEL: SMALL WITH FLOATING POINT ARITHMETIC


INPUT MODULES INCLUDED:
  STARTUP.obj (?C_STARTUP)
  MPU2MCU_Test.obj (MPU2MCU_TEST)
  C:\KEIL\C51\LIB\C51FPS.LIB (?C?FPMUL)
  C:\KEIL\C51\LIB\C51FPS.LIB (?C?FPDIV)
  C:\KEIL\C51\LIB\C51FPS.LIB (?C?FPCMP)
  C:\KEIL\C51\LIB\C51FPS.LIB (?C?FCAST)
  C:\KEIL\C51\LIB\C51FPS.LIB (?C?FPGETOPN)
  C:\KEIL\C51\LIB\C51S.LIB (?C_INIT)
  C:\KEIL\C51\LIB\C51S.LIB (?C?LNEG)


LINK MAP OF MODULE:  MPU2MCU_Test (?C_STARTUP)


            TYPE    BASE      LENGTH    RELOCATION   SEGMENT NAME
            -----------------------------------------------------

            * * * * * * *   D A T A   M E M O R Y   * * * * * * *
            REG     0000H     0008H     ABSOLUTE     "REG BANK 0"
            DATA    0008H     0032H     UNIT         ?DT?MPU2MCU_TEST
            DATA    003AH     0001H     UNIT         _DATA_GROUP_
            IDATA   003BH     0001H     UNIT         ?STACK

            * * * * * * *   C O D E   M E M O R Y   * * * * * * *
            CODE    0000H     0003H     ABSOLUTE     
            CODE    0003H     0018H     UNIT         ?PR?UARTINIT?MPU2MCU_TEST
                    001BH     0008H                  *** GAP ***
            CODE    0023H     0003H     ABSOLUTE     
            CODE    0026H     02A9H     UNIT         ?C?LIB_CODE
            CODE    02CFH     01CFH     UNIT         ?PR?SER?MPU2MCU_TEST
            CODE    049EH     008CH     UNIT         ?C_C51STARTUP
            CODE    052AH     0029H     UNIT         ?PR?MAIN?MPU2MCU_TEST
            CODE    0553H     000DH     UNIT         ?C_INITSEG



OVERLAY MAP OF MODULE:   MPU2MCU_Test (?C_STARTUP)


SEGMENT                             DATA_GROUP 
  +--> CALLED SEGMENT             START    LENGTH
-------------------------------------------------
?C_C51STARTUP                     -----    -----
  +--> ?PR?MAIN?MPU2MCU_TEST
  +--> ?C_INITSEG

?PR?MAIN?MPU2MCU_TEST             003AH    0001H
  +--> ?PR?UARTINIT?MPU2MCU_TEST


BL51 BANKED LINKER/LOCATER V6.22                                                      12/30/2015  21:31:53  PAGE 2



SYMBOL TABLE OF MODULE:  MPU2MCU_Test (?C_STARTUP)

  VALUE           TYPE          NAME
  ----------------------------------

  -------         MODULE        ?C_STARTUP
  C:049EH         SEGMENT       ?C_C51STARTUP
  I:003BH         SEGMENT       ?STACK
  C:0000H         PUBLIC        ?C_STARTUP
  D:00E0H         SYMBOL        ACC
  D:00F0H         SYMBOL        B
  D:0083H         SYMBOL        DPH
  D:0082H         SYMBOL        DPL
  N:0000H         SYMBOL        IBPSTACK
  N:0100H         SYMBOL        IBPSTACKTOP
  N:0080H         SYMBOL        IDATALEN
  C:04A1H         SYMBOL        IDATALOOP
  N:0000H         SYMBOL        PBPSTACK
  N:0100H         SYMBOL        PBPSTACKTOP
  N:0000H         SYMBOL        PDATALEN
  N:0000H         SYMBOL        PDATASTART
  N:0000H         SYMBOL        PPAGE
  N:0000H         SYMBOL        PPAGEENABLE
  D:00A0H         SYMBOL        PPAGE_SFR
  D:0081H         SYMBOL        SP
  C:049EH         SYMBOL        STARTUP1
  N:0000H         SYMBOL        XBPSTACK
  N:0000H         SYMBOL        XBPSTACKTOP
  N:0000H         SYMBOL        XDATALEN
  N:0000H         SYMBOL        XDATASTART
  C:0000H         LINE#         126
  C:049EH         LINE#         133
  C:04A0H         LINE#         134
  C:04A1H         LINE#         135
  C:04A2H         LINE#         136
  C:04A4H         LINE#         185
  C:04A7H         LINE#         196
  -------         ENDMOD        ?C_STARTUP

  -------         MODULE        MPU2MCU_TEST
  C:0000H         SYMBOL        _ICE_DUMMY_
  D:0080H         PUBLIC        P0
  D:00A0H         PUBLIC        P2
  D:0008H         PUBLIC        counter
  B:00A8H.7       PUBLIC        EA
  B:00A8H.4       PUBLIC        ES
  D:0009H         PUBLIC        Roll
  B:0098H.0       PUBLIC        RI
  B:0098H.1       PUBLIC        TI
  C:052AH         PUBLIC        main
  D:0099H         PUBLIC        SBUF
  D:0087H         PUBLIC        PCON
  D:000DH         PUBLIC        Yaw
  D:0011H         PUBLIC        sign
  D:0098H         PUBLIC        SCON
  C:0003H         PUBLIC        UartInit
BL51 BANKED LINKER/LOCATER V6.22                                                      12/30/2015  21:31:53  PAGE 3


  D:0089H         PUBLIC        TMOD
  D:0012H         PUBLIC        test
  B:00A8H.3       PUBLIC        ET1
  C:02CFH         PUBLIC        ser
  D:008DH         PUBLIC        TH1
  D:008BH         PUBLIC        TL1
  B:0088H.6       PUBLIC        TR1
  D:0013H         PUBLIC        ax
  D:0017H         PUBLIC        ay
  D:001BH         PUBLIC        az
  D:001FH         PUBLIC        wx
  D:0023H         PUBLIC        wy
  D:0027H         PUBLIC        wz
  D:002BH         PUBLIC        Rebuf
  D:0036H         PUBLIC        Pitch
  -------         PROC          UARTINIT
  C:0003H         LINE#         15
  C:0003H         LINE#         16
  C:0003H         LINE#         17
  C:0005H         LINE#         18
  C:0007H         LINE#         19
  C:000AH         LINE#         22
  C:000DH         LINE#         23
  C:0010H         LINE#         24
  C:0013H         LINE#         25
  C:0015H         LINE#         26
  C:0017H         LINE#         27
  C:001AH         LINE#         28
  -------         ENDPROC       UARTINIT
  -------         PROC          MAIN
  -------         DO            
  D:003AH         SYMBOL        LED
  -------         ENDDO         
  C:052AH         LINE#         29
  C:052AH         LINE#         31
  C:052DH         LINE#         32
  C:0530H         LINE#         34
  C:0533H         LINE#         35
  C:0533H         LINE#         36
  C:054EH         LINE#         37
  C:0551H         LINE#         38
  -------         ENDPROC       MAIN
  -------         PROC          SER
  C:02CFH         LINE#         43
  C:02ECH         LINE#         44
  C:02EFH         LINE#         45
  C:02F1H         LINE#         46
  C:02F7H         LINE#         47
  C:02F9H         LINE#         48
  C:0300H         LINE#         49
  C:0308H         LINE#         50
  C:0315H         LINE#         51
  C:0317H         LINE#         52
  C:0320H         LINE#         53
  C:0322H         LINE#         54
  C:0335H         LINE#         55
  C:0335H         LINE#         57
BL51 BANKED LINKER/LOCATER V6.22                                                      12/30/2015  21:31:53  PAGE 4


  C:0359H         LINE#         58
  C:037DH         LINE#         59
  C:03A1H         LINE#         60
  C:03A4H         LINE#         61
  C:03A4H         LINE#         62
  C:03C8H         LINE#         63
  C:03ECH         LINE#         64
  C:0410H         LINE#         65
  C:0412H         LINE#         66
  C:0412H         LINE#         67
  C:0436H         LINE#         68
  C:045AH         LINE#         69
  C:047EH         LINE#         70
  C:047EH         LINE#         71
  C:047EH         LINE#         72
  C:047EH         LINE#         73
  C:047EH         LINE#         74
  C:0483H         LINE#         75
  -------         ENDPROC       SER
  -------         ENDMOD        MPU2MCU_TEST

  -------         MODULE        ?C?FPMUL
  C:0026H         PUBLIC        ?C?FPMUL
  -------         ENDMOD        ?C?FPMUL

  -------         MODULE        ?C?FPDIV
  C:012FH         PUBLIC        ?C?FPDIV
  -------         ENDMOD        ?C?FPDIV

  -------         MODULE        ?C?FPCMP
  C:01CEH         PUBLIC        ?C?FPCMP
  C:01CCH         PUBLIC        ?C?FPCMP3
  -------         ENDMOD        ?C?FPCMP

  -------         MODULE        ?C?FCAST
  C:0243H         PUBLIC        ?C?FCASTC
  C:023EH         PUBLIC        ?C?FCASTI
  C:0239H         PUBLIC        ?C?FCASTL
  -------         ENDMOD        ?C?FCAST

  -------         MODULE        ?C?LNEG
  C:02C1H         PUBLIC        ?C?LNEG
  -------         ENDMOD        ?C?LNEG

Program Size: data=60.0 xdata=0 code=1368
LINK/LOCATE RUN COMPLETE.  0 WARNING(S),  0 ERROR(S)
