BL51 BANKED LINKER/LOCATER V6.22                                                        12/17/2015  22:40:54  PAGE 1


BL51 BANKED LINKER/LOCATER V6.22, INVOKED BY:
C:\KEIL\C51\BIN\BL51.EXE STARTUP.obj, MPU2MCU_Test.obj TO MPU2MCU_Test RAMSIZE (256)


MEMORY MODEL: SMALL WITH FLOATING POINT ARITHMETIC


INPUT MODULES INCLUDED:
  STARTUP.obj (?C_STARTUP)
  MPU2MCU_Test.obj (MPU2MCU_TEST)
  C:\KEIL\C51\LIB\C51FPS.LIB (?C?FPMUL)
  C:\KEIL\C51\LIB\C51FPS.LIB (?C?FPDIV)
  C:\KEIL\C51\LIB\C51FPS.LIB (?C?FPCMP)
  C:\KEIL\C51\LIB\C51FPS.LIB (?C?FCAST)
  C:\KEIL\C51\LIB\C51FPS.LIB (?C?FPGETOPN)
  C:\KEIL\C51\LIB\C51S.LIB (?C_INIT)
  C:\KEIL\C51\LIB\C51S.LIB (?C?LNEG)


LINK MAP OF MODULE:  MPU2MCU_Test (?C_STARTUP)


            TYPE    BASE      LENGTH    RELOCATION   SEGMENT NAME
            -----------------------------------------------------

            * * * * * * *   D A T A   M E M O R Y   * * * * * * *
            REG     0000H     0008H     ABSOLUTE     "REG BANK 0"
            DATA    0008H     0031H     UNIT         ?DT?MPU2MCU_TEST
            IDATA   0039H     0001H     UNIT         ?STACK

            * * * * * * *   C O D E   M E M O R Y   * * * * * * *
            CODE    0000H     0003H     ABSOLUTE     
            CODE    0003H     0007H     UNIT         ?C_INITSEG
                    000AH     0019H                  *** GAP ***
            CODE    0023H     0003H     ABSOLUTE     
            CODE    0026H     02A9H     UNIT         ?C?LIB_CODE
            CODE    02CFH     019EH     UNIT         ?PR?MAIN?MPU2MCU_TEST
            CODE    046DH     008CH     UNIT         ?C_C51STARTUP
            CODE    04F9H     002DH     UNIT         ?PR?USART_RX_ISR?MPU2MCU_TEST



OVERLAY MAP OF MODULE:   MPU2MCU_Test (?C_STARTUP)


SEGMENT
  +--> CALLED SEGMENT
---------------------
?C_C51STARTUP
  +--> ?PR?MAIN?MPU2MCU_TEST
  +--> ?C_INITSEG



SYMBOL TABLE OF MODULE:  MPU2MCU_Test (?C_STARTUP)

  VALUE           TYPE          NAME
  ----------------------------------
BL51 BANKED LINKER/LOCATER V6.22                                                      12/17/2015  22:40:54  PAGE 2



  -------         MODULE        ?C_STARTUP
  C:046DH         SEGMENT       ?C_C51STARTUP
  I:0039H         SEGMENT       ?STACK
  C:0000H         PUBLIC        ?C_STARTUP
  D:00E0H         SYMBOL        ACC
  D:00F0H         SYMBOL        B
  D:0083H         SYMBOL        DPH
  D:0082H         SYMBOL        DPL
  N:0000H         SYMBOL        IBPSTACK
  N:0100H         SYMBOL        IBPSTACKTOP
  N:0080H         SYMBOL        IDATALEN
  C:0470H         SYMBOL        IDATALOOP
  N:0000H         SYMBOL        PBPSTACK
  N:0100H         SYMBOL        PBPSTACKTOP
  N:0000H         SYMBOL        PDATALEN
  N:0000H         SYMBOL        PDATASTART
  N:0000H         SYMBOL        PPAGE
  N:0000H         SYMBOL        PPAGEENABLE
  D:00A0H         SYMBOL        PPAGE_SFR
  D:0081H         SYMBOL        SP
  C:046DH         SYMBOL        STARTUP1
  N:0000H         SYMBOL        XBPSTACK
  N:0000H         SYMBOL        XBPSTACKTOP
  N:0000H         SYMBOL        XDATALEN
  N:0000H         SYMBOL        XDATASTART
  C:0000H         LINE#         126
  C:046DH         LINE#         133
  C:046FH         LINE#         134
  C:0470H         LINE#         135
  C:0471H         LINE#         136
  C:0473H         LINE#         185
  C:0476H         LINE#         196
  -------         ENDMOD        ?C_STARTUP

  -------         MODULE        MPU2MCU_TEST
  C:0000H         SYMBOL        _ICE_DUMMY_
  D:0080H         PUBLIC        P0
  D:0008H         PUBLIC        counter
  B:00A8H.7       PUBLIC        EA
  B:00A8H.4       PUBLIC        ES
  D:0009H         PUBLIC        Roll
  C:02CFH         PUBLIC        main
  C:04F9H         PUBLIC        usart_rx_isr
  D:0099H         PUBLIC        SBUF
  D:0087H         PUBLIC        PCON
  D:000DH         PUBLIC        Yaw
  D:0011H         PUBLIC        sign
  B:0098H.7       PUBLIC        SM0
  B:0098H.6       PUBLIC        SM1
  D:0012H         PUBLIC        ax
  D:0016H         PUBLIC        ay
  D:001AH         PUBLIC        az
  B:0098H.4       PUBLIC        REN
  D:001EH         PUBLIC        wx
  D:0022H         PUBLIC        wy
  D:0026H         PUBLIC        wz
BL51 BANKED LINKER/LOCATER V6.22                                                      12/17/2015  22:40:54  PAGE 3


  D:002AH         PUBLIC        Rebuf
  D:0035H         PUBLIC        Pitch
  -------         PROC          USART_RX_ISR
  C:04F9H         LINE#         14
  C:0502H         LINE#         16
  C:0509H         LINE#         17
  C:0512H         LINE#         20
  C:0514H         LINE#         21
  C:0519H         LINE#         22
  C:0519H         LINE#         23
  C:051CH         LINE#         24
  C:051FH         LINE#         25
  C:051FH         LINE#         26
  -------         ENDPROC       USART_RX_ISR
  -------         PROC          MAIN
  C:02CFH         LINE#         29
  C:02CFH         LINE#         30
  C:02D2H         LINE#         31
  C:02D4H         LINE#         32
  C:02D7H         LINE#         33
  C:02D9H         LINE#         34
  C:02DBH         LINE#         35
  C:02DDH         LINE#         36
  C:02DFH         LINE#         38
  C:02DFH         LINE#         39
  C:02E6H         LINE#         40
  C:02E9H         LINE#         41
  C:02F2H         LINE#         42
  C:0305H         LINE#         43
  C:0305H         LINE#         45
  C:0329H         LINE#         46
  C:034DH         LINE#         47
  C:0371H         LINE#         48
  C:0374H         LINE#         49
  C:0374H         LINE#         50
  C:0398H         LINE#         51
  C:03BCH         LINE#         52
  C:03E0H         LINE#         53
  C:03E2H         LINE#         54
  C:03E2H         LINE#         55
  C:0406H         LINE#         56
  C:042AH         LINE#         57
  C:044EH         LINE#         58
  C:044EH         LINE#         59
  C:044EH         LINE#         60
  C:044EH         LINE#         61
  C:044EH         LINE#         62
  C:0467H         LINE#         63
  C:046AH         LINE#         64
  -------         ENDPROC       MAIN
  -------         ENDMOD        MPU2MCU_TEST

  -------         MODULE        ?C?FPMUL
  C:0026H         PUBLIC        ?C?FPMUL
  -------         ENDMOD        ?C?FPMUL

  -------         MODULE        ?C?FPDIV
BL51 BANKED LINKER/LOCATER V6.22                                                      12/17/2015  22:40:54  PAGE 4


  C:012FH         PUBLIC        ?C?FPDIV
  -------         ENDMOD        ?C?FPDIV

  -------         MODULE        ?C?FPCMP
  C:01CEH         PUBLIC        ?C?FPCMP
  C:01CCH         PUBLIC        ?C?FPCMP3
  -------         ENDMOD        ?C?FPCMP

  -------         MODULE        ?C?FCAST
  C:0243H         PUBLIC        ?C?FCASTC
  C:023EH         PUBLIC        ?C?FCASTI
  C:0239H         PUBLIC        ?C?FCASTL
  -------         ENDMOD        ?C?FCAST

  -------         MODULE        ?C?LNEG
  C:02C1H         PUBLIC        ?C?LNEG
  -------         ENDMOD        ?C?LNEG

Program Size: data=58.0 xdata=0 code=1293
LINK/LOCATE RUN COMPLETE.  0 WARNING(S),  0 ERROR(S)
