BL51 BANKED LINKER/LOCATER V6.22                                                        12/15/2015  10:37:23  PAGE 1


BL51 BANKED LINKER/LOCATER V6.22, INVOKED BY:
C:\KEIL\C51\BIN\BL51.EXE STARTUP.obj, Pattern_Cell_Test.obj TO Pattern_Cell_Test


MEMORY MODEL: SMALL


INPUT MODULES INCLUDED:
  STARTUP.obj (?C_STARTUP)
  Pattern_Cell_Test.obj (PATTERN_CELL_TEST)
  C:\KEIL\C51\LIB\C51S.LIB (?C_INIT)
  C:\KEIL\C51\LIB\C51S.LIB (?C?COPY)
  C:\KEIL\C51\LIB\C51S.LIB (?C?IMUL)
  C:\KEIL\C51\LIB\C51S.LIB (?C?SIDIV)
  C:\KEIL\C51\LIB\C51S.LIB (?C?LMUL)
  C:\KEIL\C51\LIB\C51S.LIB (?C?SLDIV)
  C:\KEIL\C51\LIB\C51S.LIB (?C?UIDIV)
  C:\KEIL\C51\LIB\C51S.LIB (?C?ULDIV)


LINK MAP OF MODULE:  Pattern_Cell_Test (?C_STARTUP)


            TYPE    BASE      LENGTH    RELOCATION   SEGMENT NAME
            -----------------------------------------------------

            * * * * * * *   D A T A   M E M O R Y   * * * * * * *
            REG     0000H     0008H     ABSOLUTE     "REG BANK 0"
            DATA    0008H     0016H     UNIT         ?DT?PATTERN_CELL_TEST
            DATA    001EH     0016H     UNIT         _DATA_GROUP_
            IDATA   0034H     0001H     UNIT         ?STACK

            * * * * * * *   C O D E   M E M O R Y   * * * * * * *
            CODE    0000H     0003H     ABSOLUTE     
            CODE    0003H     02B0H     UNIT         ?C?LIB_CODE
            CODE    02B3H     01B7H     UNIT         ?PR?_PATTERN_CELL?PATTERN_CELL_TEST
            CODE    046AH     008CH     UNIT         ?C_C51STARTUP
            CODE    04F6H     0044H     UNIT         ?C?LDIV
            CODE    053AH     001AH     UNIT         ?PR?MAIN?PATTERN_CELL_TEST
            CODE    0554H     0010H     UNIT         ?CO?PATTERN_CELL_TEST
            CODE    0564H     0009H     UNIT         ?C_INITSEG



OVERLAY MAP OF MODULE:   Pattern_Cell_Test (?C_STARTUP)


SEGMENT                                       DATA_GROUP 
  +--> CALLED SEGMENT                       START    LENGTH
-----------------------------------------------------------
?C_C51STARTUP                               -----    -----
  +--> ?PR?MAIN?PATTERN_CELL_TEST
  +--> ?C_INITSEG

?PR?MAIN?PATTERN_CELL_TEST                  -----    -----
  +--> ?PR?_PATTERN_CELL?PATTERN_CELL_TEST

?PR?_PATTERN_CELL?PATTERN_CELL_TEST         001EH    0016H
BL51 BANKED LINKER/LOCATER V6.22                                                      12/15/2015  10:37:23  PAGE 2


  +--> ?CO?PATTERN_CELL_TEST



SYMBOL TABLE OF MODULE:  Pattern_Cell_Test (?C_STARTUP)

  VALUE           TYPE          NAME
  ----------------------------------

  -------         MODULE        ?C_STARTUP
  C:046AH         SEGMENT       ?C_C51STARTUP
  I:0034H         SEGMENT       ?STACK
  C:0000H         PUBLIC        ?C_STARTUP
  D:00E0H         SYMBOL        ACC
  D:00F0H         SYMBOL        B
  D:0083H         SYMBOL        DPH
  D:0082H         SYMBOL        DPL
  N:0000H         SYMBOL        IBPSTACK
  N:0100H         SYMBOL        IBPSTACKTOP
  N:0080H         SYMBOL        IDATALEN
  C:046DH         SYMBOL        IDATALOOP
  N:0000H         SYMBOL        PBPSTACK
  N:0100H         SYMBOL        PBPSTACKTOP
  N:0000H         SYMBOL        PDATALEN
  N:0000H         SYMBOL        PDATASTART
  N:0000H         SYMBOL        PPAGE
  N:0000H         SYMBOL        PPAGEENABLE
  D:00A0H         SYMBOL        PPAGE_SFR
  D:0081H         SYMBOL        SP
  C:046AH         SYMBOL        STARTUP1
  N:0000H         SYMBOL        XBPSTACK
  N:0000H         SYMBOL        XBPSTACKTOP
  N:0000H         SYMBOL        XDATALEN
  N:0000H         SYMBOL        XDATASTART
  C:0000H         LINE#         126
  C:046AH         LINE#         133
  C:046CH         LINE#         134
  C:046DH         LINE#         135
  C:046EH         LINE#         136
  C:0470H         LINE#         185
  C:0473H         LINE#         196
  -------         ENDMOD        ?C_STARTUP

  -------         MODULE        PATTERN_CELL_TEST
  C:0000H         SYMBOL        _ICE_DUMMY_
  D:0008H         PUBLIC        YawL
  D:0080H         PUBLIC        P0
  D:0090H         PUBLIC        P1
  D:00A0H         PUBLIC        P2
  C:053AH         PUBLIC        main
  D:000AH         PUBLIC        Yaw
  D:000CH         PUBLIC        C
  C:0554H         SYMBOL        _?ix1000
  D:000DH         PUBLIC        D
  D:000EH         PUBLIC        PitchH
  C:02B3H         PUBLIC        _Pattern_Cell
  D:0010H         PUBLIC        PitchL
BL51 BANKED LINKER/LOCATER V6.22                                                      12/15/2015  10:37:23  PAGE 3


  D:0012H         PUBLIC        LED
  D:0018H         PUBLIC        RollH
  D:001AH         PUBLIC        RollL
  D:001CH         PUBLIC        YawH
  -------         PROC          _PATTERN_CELL
  D:001EH         SYMBOL        A
  D:0020H         SYMBOL        B
  D:0022H         SYMBOL        C
  D:0023H         SYMBOL        D
  -------         DO            
  D:0002H         SYMBOL        i
  -------         DO            
  D:0024H         SYMBOL        C1
  -------         ENDDO         
  -------         ENDDO         
  C:02B3H         LINE#         15
  C:02BDH         LINE#         16
  C:02BDH         LINE#         18
  C:02E1H         LINE#         19
  C:02E4H         LINE#         20
  C:0308H         LINE#         21
  C:0327H         LINE#         22
  C:0339H         LINE#         23
  C:0344H         LINE#         26
  C:034AH         LINE#         27
  C:036BH         LINE#         28
  C:0370H         LINE#         30
  C:0373H         LINE#         32
  C:0394H         LINE#         33
  C:0399H         LINE#         35
  C:039CH         LINE#         37
  C:03BDH         LINE#         38
  C:03C1H         LINE#         40
  C:03C1H         LINE#         41
  C:03C4H         LINE#         44
  C:03C4H         LINE#         45
  C:03D7H         LINE#         47
  C:03F8H         LINE#         48
  C:0405H         LINE#         50
  C:0408H         LINE#         52
  C:0429H         LINE#         53
  C:0436H         LINE#         55
  C:0439H         LINE#         57
  C:045AH         LINE#         58
  C:0466H         LINE#         60
  C:0469H         LINE#         61
  C:0469H         LINE#         62
  -------         ENDPROC       _PATTERN_CELL
  -------         PROC          MAIN
  C:053AH         LINE#         64
  C:053AH         LINE#         65
  C:053AH         LINE#         66
  C:053FH         LINE#         67
  C:0543H         LINE#         68
  C:0543H         LINE#         69
  C:0552H         LINE#         70
  -------         ENDPROC       MAIN
BL51 BANKED LINKER/LOCATER V6.22                                                      12/15/2015  10:37:23  PAGE 4


  -------         ENDMOD        PATTERN_CELL_TEST

  -------         MODULE        ?C?COPY
  C:00D3H         PUBLIC        ?C?COPY
  -------         ENDMOD        ?C?COPY

  -------         MODULE        ?C?IMUL
  C:00F9H         PUBLIC        ?C?IMUL
  -------         ENDMOD        ?C?IMUL

  -------         MODULE        ?C?SIDIV
  C:010BH         PUBLIC        ?C?SIDIV
  -------         ENDMOD        ?C?SIDIV

  -------         MODULE        ?C?LMUL
  C:0141H         PUBLIC        ?C?LMUL
  -------         ENDMOD        ?C?LMUL

  -------         MODULE        ?C?SLDIV
  C:04F6H         PUBLIC        ?C?SLDIV
  -------         ENDMOD        ?C?SLDIV

  -------         MODULE        ?C?UIDIV
  C:0190H         PUBLIC        ?C?UIDIV
  -------         ENDMOD        ?C?UIDIV

  -------         MODULE        ?C?ULDIV
  C:0221H         PUBLIC        ?C?ULDIV
  -------         ENDMOD        ?C?ULDIV

Program Size: data=53.0 xdata=0 code=1389
LINK/LOCATE RUN COMPLETE.  0 WARNING(S),  0 ERROR(S)
